
> rozgarhub@0.1.0 build
> next build

Γû▓ Next.js 16.1.6 (Turbopack)

  Creating an optimized production build ...
node.exe : 
At line:1 char:1
+ & "C:\Program 
Files\nodejs/node.exe" 
"C:\Program 
Files\nodejs/node_mo 
...
+ ~~~~~~~~~~~~~~~~~~~~~
~~~~~~~~~~~~~~~~~~~~~~~
~~~~~~~~~~~~~~~~~~~~~~~
~~
    + CategoryInfo     
         : NotSpecifi  
  ed: (:String) [],    
 RemoteException
    + FullyQualifiedEr 
   rorId : NativeComm  
  andError
 
> Build error occurred
Error: Turbopack build 
failed with 1 errors:
./src/components/cv/CVB
uilderClient.tsx:11:1
Module not found: 
Can't resolve '@/compon
ents/ui/accordion'
[0m [90m  9 |[39m 
[36mimport[39m { [33
mCard[39m[33m,[39m 
[33mCardContent[39m 
} [36mfrom[39m [32m"
@/components/ui/card"[
39m
 [90m 10 |[39m 
[36mimport[39m { [33
mPlus[39m[33m,[39m 
[33mTrash2[39m[33m,[
39m [33mDownload[39m
[33m,[39m 
[33mSave[39m } 
[36mfrom[39m [32m"lu
cide-react"[39m
[31m[1m>[22m[39m[9
0m 11 |[39m 
[36mimport[39m {
 [90m    |[39m [31m
[1m^[22m[39m[31m[1m
^[22m[39m[31m[1m^[
22m[39m[31m[1m^[22m
[39m[31m[1m^[22m[3
9m[31m[1m^[22m[39m
[31m[1m^[22m[39m[31
m[1m^[22m[39m
[31m[1m>[22m[39m[9
0m 12 |[39m   [33mAcc
ordion[39m[33m,[39m
 [90m    |[39m [31m
[1m^[22m[39m[31m[1m
^[22m[39m[31m[1m^[
22m[39m[31m[1m^[22m
[39m[31m[1m^[22m[3
9m[31m[1m^[22m[39m
[31m[1m^[22m[39m[31
m[1m^[22m[39m[31m[
1m^[22m[39m[31m[1m^
[22m[39m[31m[1m^[2
2m[39m[31m[1m^[22m
[39m
[31m[1m>[22m[39m[9
0m 13 |[39m   [33mAcc
ordionContent[39m[33m
,[39m
 [90m    |[39m [31m
[1m^[22m[39m[31m[1m
^[22m[39m[31m[1m^[
22m[39m[31m[1m^[22m
[39m[31m[1m^[22m[3
9m[31m[1m^[22m[39m
[31m[1m^[22m[39m[31
m[1m^[22m[39m[31m[
1m^[22m[39m[31m[1m^
[22m[39m[31m[1m^[2
2m[39m[31m[1m^[22m
[39m
[31m[1m>[22m[39m[9
0m 14 |[39m   [33mAcc
ordionItem[39m[33m,[
39m
 [90m    |[39m [31m
[1m^[22m[39m[31m[1m
^[22m[39m[31m[1m^[
22m[39m[31m[1m^[22m
[39m[31m[1m^[22m[3
9m[31m[1m^[22m[39m
[31m[1m^[22m[39m[31
m[1m^[22m[39m[31m[
1m^[22m[39m[31m[1m^
[22m[39m[31m[1m^[2
2m[39m[31m[1m^[22m
[39m
[31m[1m>[22m[39m[9
0m 15 |[39m   [33mAcc
ordionTrigger[39m[33m
,[39m
 [90m    |[39m [31m
[1m^[22m[39m[31m[1m
^[22m[39m[31m[1m^[
22m[39m[31m[1m^[22m
[39m[31m[1m^[22m[3
9m[31m[1m^[22m[39m
[31m[1m^[22m[39m[31
m[1m^[22m[39m[31m[
1m^[22m[39m[31m[1m^
[22m[39m[31m[1m^[2
2m[39m[31m[1m^[22m
[39m
[31m[1m>[22m[39m[9
0m 16 |[39m } 
[36mfrom[39m [32m"@/
components/ui/accordion
"[39m
 [90m    |[39m [31m
[1m^[22m[39m[31m[1m
^[22m[39m[31m[1m^[
22m[39m[31m[1m^[22m
[39m[31m[1m^[22m[3
9m[31m[1m^[22m[39m
[31m[1m^[22m[39m[31
m[1m^[22m[39m[31m[
1m^[22m[39m[31m[1m^
[22m[39m[31m[1m^[2
2m[39m[31m[1m^[22m
[39m[31m[1m^[22m[39
m[31m[1m^[22m[39m[
31m[1m^[22m[39m[31m
[1m^[22m[39m[31m[1
m^[22m[39m[31m[1m^
[22m[39m[31m[1m^[22
m[39m[31m[1m^[22m[
39m[31m[1m^[22m[39m
[31m[1m^[22m[39m[3
1m[1m^[22m[39m[31m
[1m^[22m[39m[31m[1m
^[22m[39m[31m[1m^[
22m[39m[31m[1m^[22m
[39m[31m[1m^[22m[3
9m[31m[1m^[22m[39m
[31m[1m^[22m[39m[31
m[1m^[22m[39m[31m[
1m^[22m[39m[31m[1m^
[22m[39m[31m[1m^[2
2m[39m[31m[1m^[22m
[39m
 [90m 17 |[39m 
[36mimport[39m 
dynamic [36mfrom[39m 
[32m"next/dynamic"[39
m
 [90m 18 |[39m
 [90m 19 |[39m 
[90m// Import our 
isolated preview 
component dynamically 
to completely bypass 
SSR analysis of @react-
pdf/renderer[39m[0m

Import map: aliased to 
relative './src/compone
nts/ui/accordion' 
inside of [project]/


Import trace:
  Server Component:
    ./src/components/cv
/CVBuilderClient.tsx
    ./src/app/cv-builde
r/page.tsx

https://nextjs.org/docs
/messages/module-not-fo
und


    at <unknown> (./src
/components/cv/CVBuilde
rClient.tsx:11:1)
    at <unknown> (https
://nextjs.org/docs/mess
ages/module-not-found)
